[2025-10-04T19:54:11.634+0100][gc] Using G1
[2025-10-04T19:54:11.640+0100][gc,init] Version: 17.0.16+8-Ubuntu-0ubuntu124.04.1 (release)
[2025-10-04T19:54:11.640+0100][gc,init] CPUs: 16 total, 16 available
[2025-10-04T19:54:11.640+0100][gc,init] Memory: 15856M
[2025-10-04T19:54:11.640+0100][gc,init] Large Page Support: Disabled
[2025-10-04T19:54:11.640+0100][gc,init] NUMA Support: Disabled
[2025-10-04T19:54:11.640+0100][gc,init] Compressed Oops: Enabled (32-bit)
[2025-10-04T19:54:11.640+0100][gc,init] Heap Region Size: 1M
[2025-10-04T19:54:11.640+0100][gc,init] Heap Min Capacity: 1G
[2025-10-04T19:54:11.640+0100][gc,init] Heap Initial Capacity: 1G
[2025-10-04T19:54:11.640+0100][gc,init] Heap Max Capacity: 1G
[2025-10-04T19:54:11.640+0100][gc,init] Pre-touch: Disabled
[2025-10-04T19:54:11.640+0100][gc,init] Parallel Workers: 13
[2025-10-04T19:54:11.640+0100][gc,init] Concurrent Workers: 3
[2025-10-04T19:54:11.640+0100][gc,init] Concurrent Refinement Workers: 13
[2025-10-04T19:54:11.640+0100][gc,init] Periodic GC: Disabled
[2025-10-04T19:54:11.645+0100][gc,metaspace] CDS archive(s) mapped at: [0x00007c136b000000-0x00007c136bbca000-0x00007c136bbca000), size 12361728, SharedBaseAddress: 0x00007c136b000000, ArchiveRelocationMode: 1.
[2025-10-04T19:54:11.645+0100][gc,metaspace] Compressed class space mapped at: 0x00007c136c000000-0x00007c13ac000000, reserved size: 1073741824
[2025-10-04T19:54:11.645+0100][gc,metaspace] Narrow klass base: 0x00007c136b000000, Narrow klass shift: 0, Narrow klass range: 0x100000000
[2025-10-04T19:54:12.660+0100][gc,start    ] GC(0) Pause Young (Normal) (G1 Evacuation Pause)
[2025-10-04T19:54:12.662+0100][gc,task     ] GC(0) Using 13 workers of 13 for evacuation
[2025-10-04T19:54:12.666+0100][gc,phases   ] GC(0)   Pre Evacuate Collection Set: 0.2ms
[2025-10-04T19:54:12.667+0100][gc,phases   ] GC(0)   Merge Heap Roots: 0.2ms
[2025-10-04T19:54:12.667+0100][gc,phases   ] GC(0)   Evacuate Collection Set: 3.0ms
[2025-10-04T19:54:12.667+0100][gc,phases   ] GC(0)   Post Evacuate Collection Set: 0.8ms
[2025-10-04T19:54:12.667+0100][gc,phases   ] GC(0)   Other: 2.5ms
[2025-10-04T19:54:12.667+0100][gc,heap     ] GC(0) Eden regions: 51->0(44)
[2025-10-04T19:54:12.667+0100][gc,heap     ] GC(0) Survivor regions: 0->7(7)
[2025-10-04T19:54:12.667+0100][gc,heap     ] GC(0) Old regions: 0->2
[2025-10-04T19:54:12.667+0100][gc,heap     ] GC(0) Archive regions: 2->2
[2025-10-04T19:54:12.667+0100][gc,heap     ] GC(0) Humongous regions: 0->0
[2025-10-04T19:54:12.667+0100][gc,metaspace] GC(0) Metaspace: 18196K(18432K)->18196K(18432K) NonClass: 16197K(16320K)->16197K(16320K) Class: 1999K(2112K)->1999K(2112K)
[2025-10-04T19:54:12.667+0100][gc          ] GC(0) Pause Young (Normal) (G1 Evacuation Pause) 51M->9M(1024M) 6.705ms
[2025-10-04T19:54:12.667+0100][gc,cpu      ] GC(0) User=0.02s Sys=0.02s Real=0.01s
[2025-10-04T19:54:12.766+0100][gc,start    ] GC(1) Pause Young (Concurrent Start) (Metadata GC Threshold)
[2025-10-04T19:54:12.766+0100][gc,task     ] GC(1) Using 13 workers of 13 for evacuation
[2025-10-04T19:54:12.770+0100][gc,phases   ] GC(1)   Pre Evacuate Collection Set: 0.4ms
[2025-10-04T19:54:12.771+0100][gc,phases   ] GC(1)   Merge Heap Roots: 0.3ms
[2025-10-04T19:54:12.771+0100][gc,phases   ] GC(1)   Evacuate Collection Set: 2.3ms
[2025-10-04T19:54:12.771+0100][gc,phases   ] GC(1)   Post Evacuate Collection Set: 0.7ms
[2025-10-04T19:54:12.771+0100][gc,phases   ] GC(1)   Other: 0.4ms
[2025-10-04T19:54:12.771+0100][gc,heap     ] GC(1) Eden regions: 11->0(49)
[2025-10-04T19:54:12.771+0100][gc,heap     ] GC(1) Survivor regions: 7->2(7)
[2025-10-04T19:54:12.771+0100][gc,heap     ] GC(1) Old regions: 2->9
[2025-10-04T19:54:12.771+0100][gc,heap     ] GC(1) Archive regions: 2->2
[2025-10-04T19:54:12.771+0100][gc,heap     ] GC(1) Humongous regions: 0->0
[2025-10-04T19:54:12.771+0100][gc,metaspace] GC(1) Metaspace: 21351K(21504K)->21351K(21504K) NonClass: 18980K(19072K)->18980K(19072K) Class: 2371K(2432K)->2371K(2432K)
[2025-10-04T19:54:12.771+0100][gc          ] GC(1) Pause Young (Concurrent Start) (Metadata GC Threshold) 20M->10M(1024M) 4.200ms
[2025-10-04T19:54:12.771+0100][gc,cpu      ] GC(1) User=0.00s Sys=0.02s Real=0.00s
[2025-10-04T19:54:12.771+0100][gc          ] GC(2) Concurrent Mark Cycle
[2025-10-04T19:54:12.771+0100][gc,marking  ] GC(2) Concurrent Clear Claimed Marks
[2025-10-04T19:54:12.771+0100][gc,marking  ] GC(2) Concurrent Clear Claimed Marks 0.011ms
[2025-10-04T19:54:12.771+0100][gc,marking  ] GC(2) Concurrent Scan Root Regions
[2025-10-04T19:54:12.772+0100][gc,marking  ] GC(2) Concurrent Scan Root Regions 1.474ms
[2025-10-04T19:54:12.772+0100][gc,marking  ] GC(2) Concurrent Mark
[2025-10-04T19:54:12.772+0100][gc,marking  ] GC(2) Concurrent Mark From Roots
[2025-10-04T19:54:12.772+0100][gc,task     ] GC(2) Using 3 workers of 3 for marking
[2025-10-04T19:54:12.773+0100][gc,marking  ] GC(2) Concurrent Mark From Roots 1.254ms
[2025-10-04T19:54:12.773+0100][gc,marking  ] GC(2) Concurrent Preclean
[2025-10-04T19:54:12.774+0100][gc,marking  ] GC(2) Concurrent Preclean 0.096ms
[2025-10-04T19:54:12.774+0100][gc,start    ] GC(2) Pause Remark
[2025-10-04T19:54:12.775+0100][gc          ] GC(2) Pause Remark 10M->10M(1024M) 1.758ms
[2025-10-04T19:54:12.776+0100][gc,cpu      ] GC(2) User=0.01s Sys=0.00s Real=0.00s
[2025-10-04T19:54:12.776+0100][gc,marking  ] GC(2) Concurrent Mark 3.427ms
[2025-10-04T19:54:12.776+0100][gc,marking  ] GC(2) Concurrent Rebuild Remembered Sets
[2025-10-04T19:54:12.777+0100][gc,marking  ] GC(2) Concurrent Rebuild Remembered Sets 1.199ms
[2025-10-04T19:54:12.777+0100][gc,start    ] GC(2) Pause Cleanup
[2025-10-04T19:54:12.777+0100][gc          ] GC(2) Pause Cleanup 10M->10M(1024M) 0.242ms
[2025-10-04T19:54:12.777+0100][gc,cpu      ] GC(2) User=0.00s Sys=0.00s Real=0.00s
[2025-10-04T19:54:12.777+0100][gc,marking  ] GC(2) Concurrent Cleanup for Next Mark
[2025-10-04T19:54:12.781+0100][gc,marking  ] GC(2) Concurrent Cleanup for Next Mark 4.062ms
[2025-10-04T19:54:12.781+0100][gc          ] GC(2) Concurrent Mark Cycle 10.849ms
[2025-10-04T19:54:13.296+0100][gc,start    ] GC(3) Pause Young (Normal) (G1 Evacuation Pause)
[2025-10-04T19:54:13.296+0100][gc,task     ] GC(3) Using 13 workers of 13 for evacuation
[2025-10-04T19:54:13.300+0100][gc,phases   ] GC(3)   Pre Evacuate Collection Set: 0.2ms
[2025-10-04T19:54:13.300+0100][gc,phases   ] GC(3)   Merge Heap Roots: 0.2ms
[2025-10-04T19:54:13.300+0100][gc,phases   ] GC(3)   Evacuate Collection Set: 2.5ms
[2025-10-04T19:54:13.300+0100][gc,phases   ] GC(3)   Post Evacuate Collection Set: 0.8ms
[2025-10-04T19:54:13.300+0100][gc,phases   ] GC(3)   Other: 0.1ms
[2025-10-04T19:54:13.300+0100][gc,heap     ] GC(3) Eden regions: 49->0(47)
[2025-10-04T19:54:13.300+0100][gc,heap     ] GC(3) Survivor regions: 2->4(7)
[2025-10-04T19:54:13.300+0100][gc,heap     ] GC(3) Old regions: 9->9
[2025-10-04T19:54:13.300+0100][gc,heap     ] GC(3) Archive regions: 2->2
[2025-10-04T19:54:13.300+0100][gc,heap     ] GC(3) Humongous regions: 9->9
[2025-10-04T19:54:13.300+0100][gc,metaspace] GC(3) Metaspace: 31883K(32192K)->31883K(32192K) NonClass: 28305K(28480K)->28305K(28480K) Class: 3577K(3712K)->3577K(3712K)
[2025-10-04T19:54:13.300+0100][gc          ] GC(3) Pause Young (Normal) (G1 Evacuation Pause) 68M->21M(1024M) 3.883ms
[2025-10-04T19:54:13.300+0100][gc,cpu      ] GC(3) User=0.03s Sys=0.01s Real=0.00s
[2025-10-04T19:54:13.452+0100][gc,start    ] GC(4) Pause Young (Concurrent Start) (Metadata GC Threshold)
[2025-10-04T19:54:13.452+0100][gc,task     ] GC(4) Using 13 workers of 13 for evacuation
[2025-10-04T19:54:13.457+0100][gc,phases   ] GC(4)   Pre Evacuate Collection Set: 0.2ms
[2025-10-04T19:54:13.457+0100][gc,phases   ] GC(4)   Merge Heap Roots: 0.2ms
[2025-10-04T19:54:13.457+0100][gc,phases   ] GC(4)   Evacuate Collection Set: 2.4ms
[2025-10-04T19:54:13.457+0100][gc,phases   ] GC(4)   Post Evacuate Collection Set: 1.6ms
[2025-10-04T19:54:13.457+0100][gc,phases   ] GC(4)   Other: 0.2ms
[2025-10-04T19:54:13.457+0100][gc,heap     ] GC(4) Eden regions: 23->0(44)
[2025-10-04T19:54:13.457+0100][gc,heap     ] GC(4) Survivor regions: 4->7(7)
[2025-10-04T19:54:13.457+0100][gc,heap     ] GC(4) Old regions: 9->9
[2025-10-04T19:54:13.457+0100][gc,heap     ] GC(4) Archive regions: 2->2
[2025-10-04T19:54:13.457+0100][gc,heap     ] GC(4) Humongous regions: 9->9
[2025-10-04T19:54:13.457+0100][gc,metaspace] GC(4) Metaspace: 35681K(35968K)->35681K(35968K) NonClass: 31711K(31872K)->31711K(31872K) Class: 3969K(4096K)->3969K(4096K)
[2025-10-04T19:54:13.457+0100][gc          ] GC(4) Pause Young (Concurrent Start) (Metadata GC Threshold) 44M->25M(1024M) 4.714ms
[2025-10-04T19:54:13.457+0100][gc,cpu      ] GC(4) User=0.02s Sys=0.00s Real=0.01s
[2025-10-04T19:54:13.457+0100][gc          ] GC(5) Concurrent Mark Cycle
[2025-10-04T19:54:13.457+0100][gc,marking  ] GC(5) Concurrent Clear Claimed Marks
[2025-10-04T19:54:13.457+0100][gc,marking  ] GC(5) Concurrent Clear Claimed Marks 0.027ms
[2025-10-04T19:54:13.457+0100][gc,marking  ] GC(5) Concurrent Scan Root Regions
[2025-10-04T19:54:13.458+0100][gc,marking  ] GC(5) Concurrent Scan Root Regions 1.399ms
[2025-10-04T19:54:13.459+0100][gc,marking  ] GC(5) Concurrent Mark
[2025-10-04T19:54:13.459+0100][gc,marking  ] GC(5) Concurrent Mark From Roots
[2025-10-04T19:54:13.459+0100][gc,task     ] GC(5) Using 3 workers of 3 for marking
[2025-10-04T19:54:13.463+0100][gc,marking  ] GC(5) Concurrent Mark From Roots 4.027ms
[2025-10-04T19:54:13.463+0100][gc,marking  ] GC(5) Concurrent Preclean
[2025-10-04T19:54:13.463+0100][gc,marking  ] GC(5) Concurrent Preclean 0.156ms
[2025-10-04T19:54:13.463+0100][gc,start    ] GC(5) Pause Remark
[2025-10-04T19:54:13.465+0100][gc          ] GC(5) Pause Remark 26M->26M(1024M) 2.266ms
[2025-10-04T19:54:13.465+0100][gc,cpu      ] GC(5) User=0.01s Sys=0.00s Real=0.01s
[2025-10-04T19:54:13.465+0100][gc,marking  ] GC(5) Concurrent Mark 6.919ms
[2025-10-04T19:54:13.465+0100][gc,marking  ] GC(5) Concurrent Rebuild Remembered Sets
[2025-10-04T19:54:13.467+0100][gc,marking  ] GC(5) Concurrent Rebuild Remembered Sets 1.500ms
[2025-10-04T19:54:13.467+0100][gc,start    ] GC(5) Pause Cleanup
[2025-10-04T19:54:13.467+0100][gc          ] GC(5) Pause Cleanup 26M->26M(1024M) 0.216ms
[2025-10-04T19:54:13.467+0100][gc,cpu      ] GC(5) User=0.00s Sys=0.00s Real=0.00s
[2025-10-04T19:54:13.467+0100][gc,marking  ] GC(5) Concurrent Cleanup for Next Mark
[2025-10-04T19:54:13.472+0100][gc,marking  ] GC(5) Concurrent Cleanup for Next Mark 4.559ms
[2025-10-04T19:54:13.472+0100][gc          ] GC(5) Concurrent Mark Cycle 15.095ms
[2025-10-04T19:55:49.750+0100][gc,start    ] GC(6) Pause Young (Concurrent Start) (G1 Evacuation Pause)
[2025-10-04T19:55:49.751+0100][gc,task     ] GC(6) Using 13 workers of 13 for evacuation
[2025-10-04T19:55:49.755+0100][gc,phases   ] GC(6)   Pre Evacuate Collection Set: 0.3ms
[2025-10-04T19:55:49.755+0100][gc,phases   ] GC(6)   Merge Heap Roots: 0.2ms
[2025-10-04T19:55:49.755+0100][gc,phases   ] GC(6)   Evacuate Collection Set: 2.7ms
[2025-10-04T19:55:49.755+0100][gc,phases   ] GC(6)   Post Evacuate Collection Set: 0.9ms
[2025-10-04T19:55:49.755+0100][gc,phases   ] GC(6)   Other: 0.9ms
[2025-10-04T19:55:49.755+0100][gc,heap     ] GC(6) Eden regions: 44->0(44)
[2025-10-04T19:55:49.755+0100][gc,heap     ] GC(6) Survivor regions: 7->7(7)
[2025-10-04T19:55:49.755+0100][gc,heap     ] GC(6) Old regions: 9->12
[2025-10-04T19:55:49.755+0100][gc,heap     ] GC(6) Archive regions: 2->2
[2025-10-04T19:55:49.755+0100][gc,heap     ] GC(6) Humongous regions: 138->138
[2025-10-04T19:55:49.755+0100][gc,metaspace] GC(6) Metaspace: 40971K(41408K)->40971K(41408K) NonClass: 36273K(36544K)->36273K(36544K) Class: 4698K(4864K)->4698K(4864K)
[2025-10-04T19:55:49.755+0100][gc          ] GC(6) Pause Young (Concurrent Start) (G1 Evacuation Pause) 198M->156M(1024M) 5.106ms
[2025-10-04T19:55:49.755+0100][gc,cpu      ] GC(6) User=0.03s Sys=0.00s Real=0.01s
[2025-10-04T19:55:49.755+0100][gc          ] GC(7) Concurrent Mark Cycle
[2025-10-04T19:55:49.755+0100][gc,marking  ] GC(7) Concurrent Clear Claimed Marks
[2025-10-04T19:55:49.755+0100][gc,marking  ] GC(7) Concurrent Clear Claimed Marks 0.034ms
[2025-10-04T19:55:49.755+0100][gc,marking  ] GC(7) Concurrent Scan Root Regions
[2025-10-04T19:55:49.757+0100][gc,marking  ] GC(7) Concurrent Scan Root Regions 2.017ms
[2025-10-04T19:55:49.757+0100][gc,marking  ] GC(7) Concurrent Mark
[2025-10-04T19:55:49.757+0100][gc,marking  ] GC(7) Concurrent Mark From Roots
[2025-10-04T19:55:49.757+0100][gc,task     ] GC(7) Using 3 workers of 3 for marking
[2025-10-04T19:55:49.760+0100][gc,marking  ] GC(7) Concurrent Mark From Roots 2.897ms
[2025-10-04T19:55:49.760+0100][gc,marking  ] GC(7) Concurrent Preclean
[2025-10-04T19:55:49.761+0100][gc,marking  ] GC(7) Concurrent Preclean 0.093ms
[2025-10-04T19:55:49.761+0100][gc,start    ] GC(7) Pause Remark
[2025-10-04T19:55:49.763+0100][gc          ] GC(7) Pause Remark 157M->157M(1024M) 2.127ms
[2025-10-04T19:55:49.763+0100][gc,cpu      ] GC(7) User=0.01s Sys=0.00s Real=0.00s
[2025-10-04T19:55:49.763+0100][gc,marking  ] GC(7) Concurrent Mark 5.384ms
[2025-10-04T19:55:49.763+0100][gc,marking  ] GC(7) Concurrent Rebuild Remembered Sets
[2025-10-04T19:55:49.765+0100][gc,marking  ] GC(7) Concurrent Rebuild Remembered Sets 2.084ms
[2025-10-04T19:55:49.765+0100][gc,start    ] GC(7) Pause Cleanup
[2025-10-04T19:55:49.765+0100][gc          ] GC(7) Pause Cleanup 157M->157M(1024M) 0.232ms
[2025-10-04T19:55:49.765+0100][gc,cpu      ] GC(7) User=0.00s Sys=0.00s Real=0.00s
[2025-10-04T19:55:49.765+0100][gc,marking  ] GC(7) Concurrent Cleanup for Next Mark
[2025-10-04T19:55:49.766+0100][gc,marking  ] GC(7) Concurrent Cleanup for Next Mark 0.712ms
[2025-10-04T19:55:49.766+0100][gc          ] GC(7) Concurrent Mark Cycle 10.860ms
[2025-10-04T20:01:55.545+0100][gc,start    ] GC(8) Pause Young (Prepare Mixed) (G1 Evacuation Pause)
[2025-10-04T20:01:55.547+0100][gc,task     ] GC(8) Using 13 workers of 13 for evacuation
[2025-10-04T20:01:55.552+0100][gc,phases   ] GC(8)   Pre Evacuate Collection Set: 0.3ms
[2025-10-04T20:01:55.552+0100][gc,phases   ] GC(8)   Merge Heap Roots: 0.2ms
[2025-10-04T20:01:55.552+0100][gc,phases   ] GC(8)   Evacuate Collection Set: 3.4ms
[2025-10-04T20:01:55.552+0100][gc,phases   ] GC(8)   Post Evacuate Collection Set: 1.2ms
[2025-10-04T20:01:55.552+0100][gc,phases   ] GC(8)   Other: 1.5ms
[2025-10-04T20:01:55.552+0100][gc,heap     ] GC(8) Eden regions: 44->0(45)
[2025-10-04T20:01:55.552+0100][gc,heap     ] GC(8) Survivor regions: 7->6(7)
[2025-10-04T20:01:55.552+0100][gc,heap     ] GC(8) Old regions: 12->15
[2025-10-04T20:01:55.552+0100][gc,heap     ] GC(8) Archive regions: 2->2
[2025-10-04T20:01:55.552+0100][gc,heap     ] GC(8) Humongous regions: 138->138
[2025-10-04T20:01:55.552+0100][gc,metaspace] GC(8) Metaspace: 42952K(43456K)->42952K(43456K) NonClass: 38106K(38400K)->38106K(38400K) Class: 4845K(5056K)->4845K(5056K)
[2025-10-04T20:01:55.552+0100][gc          ] GC(8) Pause Young (Prepare Mixed) (G1 Evacuation Pause) 200M->159M(1024M) 6.695ms
[2025-10-04T20:01:55.552+0100][gc,cpu      ] GC(8) User=0.04s Sys=0.00s Real=0.00s
[2025-10-04T20:08:55.869+0100][gc,start    ] GC(9) Pause Young (Mixed) (G1 Evacuation Pause)
[2025-10-04T20:08:55.869+0100][gc,task     ] GC(9) Using 13 workers of 13 for evacuation
[2025-10-04T20:08:55.877+0100][gc,phases   ] GC(9)   Pre Evacuate Collection Set: 0.7ms
[2025-10-04T20:08:55.877+0100][gc,phases   ] GC(9)   Merge Heap Roots: 0.7ms
[2025-10-04T20:08:55.877+0100][gc,phases   ] GC(9)   Evacuate Collection Set: 4.7ms
[2025-10-04T20:08:55.877+0100][gc,phases   ] GC(9)   Post Evacuate Collection Set: 1.1ms
[2025-10-04T20:08:55.877+0100][gc,phases   ] GC(9)   Other: 0.3ms
[2025-10-04T20:08:55.877+0100][gc,heap     ] GC(9) Eden regions: 45->0(47)
[2025-10-04T20:08:55.877+0100][gc,heap     ] GC(9) Survivor regions: 6->4(7)
[2025-10-04T20:08:55.877+0100][gc,heap     ] GC(9) Old regions: 15->18
[2025-10-04T20:08:55.877+0100][gc,heap     ] GC(9) Archive regions: 2->2
[2025-10-04T20:08:55.877+0100][gc,heap     ] GC(9) Humongous regions: 138->138
[2025-10-04T20:08:55.877+0100][gc,metaspace] GC(9) Metaspace: 43341K(43776K)->43341K(43776K) NonClass: 38470K(38720K)->38470K(38720K) Class: 4870K(5056K)->4870K(5056K)
[2025-10-04T20:08:55.877+0100][gc          ] GC(9) Pause Young (Mixed) (G1 Evacuation Pause) 204M->160M(1024M) 7.652ms
[2025-10-04T20:08:55.877+0100][gc,cpu      ] GC(9) User=0.04s Sys=0.02s Real=0.01s
[2025-10-04T20:31:36.659+0100][gc,start    ] GC(10) Pause Young (Normal) (G1 Evacuation Pause)
[2025-10-04T20:31:36.659+0100][gc,task     ] GC(10) Using 13 workers of 13 for evacuation
[2025-10-04T20:31:36.663+0100][gc,phases   ] GC(10)   Pre Evacuate Collection Set: 0.3ms
[2025-10-04T20:31:36.663+0100][gc,phases   ] GC(10)   Merge Heap Roots: 0.2ms
[2025-10-04T20:31:36.663+0100][gc,phases   ] GC(10)   Evacuate Collection Set: 2.1ms
[2025-10-04T20:31:36.663+0100][gc,phases   ] GC(10)   Post Evacuate Collection Set: 0.8ms
[2025-10-04T20:31:36.663+0100][gc,phases   ] GC(10)   Other: 0.2ms
[2025-10-04T20:31:36.663+0100][gc,heap     ] GC(10) Eden regions: 47->0(53)
[2025-10-04T20:31:36.663+0100][gc,heap     ] GC(10) Survivor regions: 4->5(7)
[2025-10-04T20:31:36.663+0100][gc,heap     ] GC(10) Old regions: 18->18
[2025-10-04T20:31:36.663+0100][gc,heap     ] GC(10) Archive regions: 2->2
[2025-10-04T20:31:36.663+0100][gc,heap     ] GC(10) Humongous regions: 138->138
[2025-10-04T20:31:36.663+0100][gc,metaspace] GC(10) Metaspace: 43409K(43840K)->43409K(43840K) NonClass: 38538K(38784K)->38538K(38784K) Class: 4870K(5056K)->4870K(5056K)
[2025-10-04T20:31:36.663+0100][gc          ] GC(10) Pause Young (Normal) (G1 Evacuation Pause) 207M->160M(1024M) 3.679ms
[2025-10-04T20:31:36.663+0100][gc,cpu      ] GC(10) User=0.03s Sys=0.00s Real=0.00s
[2025-10-04T20:40:46.318+0100][gc,start    ] GC(11) Pause Young (Normal) (G1 Evacuation Pause)
[2025-10-04T20:40:46.318+0100][gc,task     ] GC(11) Using 13 workers of 13 for evacuation
[2025-10-04T20:40:46.324+0100][gc,phases   ] GC(11)   Pre Evacuate Collection Set: 0.5ms
[2025-10-04T20:40:46.324+0100][gc,phases   ] GC(11)   Merge Heap Roots: 0.2ms
[2025-10-04T20:40:46.324+0100][gc,phases   ] GC(11)   Evacuate Collection Set: 2.6ms
[2025-10-04T20:40:46.324+0100][gc,phases   ] GC(11)   Post Evacuate Collection Set: 2.6ms
[2025-10-04T20:40:46.324+0100][gc,phases   ] GC(11)   Other: 0.2ms
[2025-10-04T20:40:46.324+0100][gc,heap     ] GC(11) Eden regions: 53->0(144)
[2025-10-04T20:40:46.324+0100][gc,heap     ] GC(11) Survivor regions: 5->6(8)
[2025-10-04T20:40:46.324+0100][gc,heap     ] GC(11) Old regions: 18->18
[2025-10-04T20:40:46.324+0100][gc,heap     ] GC(11) Archive regions: 2->2
[2025-10-04T20:40:46.324+0100][gc,heap     ] GC(11) Humongous regions: 138->138
[2025-10-04T20:40:46.324+0100][gc,metaspace] GC(11) Metaspace: 43427K(43904K)->43427K(43904K) NonClass: 38555K(38848K)->38555K(38848K) Class: 4871K(5056K)->4871K(5056K)
[2025-10-04T20:40:46.324+0100][gc          ] GC(11) Pause Young (Normal) (G1 Evacuation Pause) 213M->161M(1024M) 6.121ms
[2025-10-04T20:40:46.324+0100][gc,cpu      ] GC(11) User=0.01s Sys=0.02s Real=0.00s
[2025-10-04T21:14:10.647+0100][gc,start    ] GC(12) Pause Young (Normal) (G1 Evacuation Pause)
[2025-10-04T21:14:10.647+0100][gc,task     ] GC(12) Using 13 workers of 13 for evacuation
[2025-10-04T21:14:10.654+0100][gc,phases   ] GC(12)   Pre Evacuate Collection Set: 0.4ms
[2025-10-04T21:14:10.654+0100][gc,phases   ] GC(12)   Merge Heap Roots: 0.3ms
[2025-10-04T21:14:10.654+0100][gc,phases   ] GC(12)   Evacuate Collection Set: 4.3ms
[2025-10-04T21:14:10.654+0100][gc,phases   ] GC(12)   Post Evacuate Collection Set: 1.9ms
[2025-10-04T21:14:10.654+0100][gc,phases   ] GC(12)   Other: 0.2ms
[2025-10-04T21:14:10.654+0100][gc,heap     ] GC(12) Eden regions: 144->0(94)
[2025-10-04T21:14:10.654+0100][gc,heap     ] GC(12) Survivor regions: 6->10(19)
[2025-10-04T21:14:10.654+0100][gc,heap     ] GC(12) Old regions: 18->18
[2025-10-04T21:14:10.654+0100][gc,heap     ] GC(12) Archive regions: 2->2
[2025-10-04T21:14:10.654+0100][gc,heap     ] GC(12) Humongous regions: 147->147
[2025-10-04T21:14:10.654+0100][gc,metaspace] GC(12) Metaspace: 43797K(44224K)->43797K(44224K) NonClass: 38870K(39104K)->38870K(39104K) Class: 4927K(5120K)->4927K(5120K)
[2025-10-04T21:14:10.654+0100][gc          ] GC(12) Pause Young (Normal) (G1 Evacuation Pause) 314M->174M(1024M) 7.228ms
[2025-10-04T21:14:10.655+0100][gc,cpu      ] GC(12) User=0.06s Sys=0.00s Real=0.01s
[2025-10-04T21:39:52.907+0100][gc,start    ] GC(13) Pause Young (Normal) (G1 Evacuation Pause)
[2025-10-04T21:39:52.909+0100][gc,task     ] GC(13) Using 13 workers of 13 for evacuation
[2025-10-04T21:39:52.916+0100][gc,phases   ] GC(13)   Pre Evacuate Collection Set: 0.6ms
[2025-10-04T21:39:52.916+0100][gc,phases   ] GC(13)   Merge Heap Roots: 0.2ms
[2025-10-04T21:39:52.916+0100][gc,phases   ] GC(13)   Evacuate Collection Set: 4.0ms
[2025-10-04T21:39:52.916+0100][gc,phases   ] GC(13)   Post Evacuate Collection Set: 1.8ms
[2025-10-04T21:39:52.916+0100][gc,phases   ] GC(13)   Other: 2.4ms
[2025-10-04T21:39:52.916+0100][gc,heap     ] GC(13) Eden regions: 94->0(161)
[2025-10-04T21:39:52.916+0100][gc,heap     ] GC(13) Survivor regions: 10->7(13)
[2025-10-04T21:39:52.916+0100][gc,heap     ] GC(13) Old regions: 18->21
[2025-10-04T21:39:52.916+0100][gc,heap     ] GC(13) Archive regions: 2->2
[2025-10-04T21:39:52.916+0100][gc,heap     ] GC(13) Humongous regions: 147->147
[2025-10-04T21:39:52.916+0100][gc,metaspace] GC(13) Metaspace: 43811K(44288K)->43811K(44288K) NonClass: 38884K(39168K)->38884K(39168K) Class: 4927K(5120K)->4927K(5120K)
[2025-10-04T21:39:52.916+0100][gc          ] GC(13) Pause Young (Normal) (G1 Evacuation Pause) 268M->175M(1024M) 9.065ms
[2025-10-04T21:39:52.916+0100][gc,cpu      ] GC(13) User=0.03s Sys=0.01s Real=0.01s
[2025-10-04T22:20:05.561+0100][gc,start    ] GC(14) Pause Young (Normal) (G1 Evacuation Pause)
[2025-10-04T22:20:05.563+0100][gc,task     ] GC(14) Using 13 workers of 13 for evacuation
[2025-10-04T22:20:05.575+0100][gc,phases   ] GC(14)   Pre Evacuate Collection Set: 1.6ms
[2025-10-04T22:20:05.575+0100][gc,phases   ] GC(14)   Merge Heap Roots: 0.6ms
[2025-10-04T22:20:05.575+0100][gc,phases   ] GC(14)   Evacuate Collection Set: 6.6ms
[2025-10-04T22:20:05.575+0100][gc,phases   ] GC(14)   Post Evacuate Collection Set: 3.2ms
[2025-10-04T22:20:05.575+0100][gc,phases   ] GC(14)   Other: 1.7ms
[2025-10-04T22:20:05.575+0100][gc,heap     ] GC(14) Eden regions: 161->0(415)
[2025-10-04T22:20:05.575+0100][gc,heap     ] GC(14) Survivor regions: 7->8(21)
[2025-10-04T22:20:05.575+0100][gc,heap     ] GC(14) Old regions: 21->21
[2025-10-04T22:20:05.575+0100][gc,heap     ] GC(14) Archive regions: 2->2
[2025-10-04T22:20:05.575+0100][gc,heap     ] GC(14) Humongous regions: 147->147
[2025-10-04T22:20:05.575+0100][gc,metaspace] GC(14) Metaspace: 44160K(44672K)->44160K(44672K) NonClass: 39204K(39488K)->39204K(39488K) Class: 4956K(5184K)->4956K(5184K)
[2025-10-04T22:20:05.575+0100][gc          ] GC(14) Pause Young (Normal) (G1 Evacuation Pause) 336M->175M(1024M) 13.751ms
[2025-10-04T22:20:05.575+0100][gc,cpu      ] GC(14) User=0.10s Sys=0.00s Real=0.02s
