[2025-10-04T19:50:47.202+0100][gc] Using G1
[2025-10-04T19:50:47.209+0100][gc,init] Version: 17.0.16+8-Ubuntu-0ubuntu124.04.1 (release)
[2025-10-04T19:50:47.209+0100][gc,init] CPUs: 16 total, 16 available
[2025-10-04T19:50:47.209+0100][gc,init] Memory: 15856M
[2025-10-04T19:50:47.209+0100][gc,init] Large Page Support: Disabled
[2025-10-04T19:50:47.209+0100][gc,init] NUMA Support: Disabled
[2025-10-04T19:50:47.209+0100][gc,init] Compressed Oops: Enabled (32-bit)
[2025-10-04T19:50:47.209+0100][gc,init] Heap Region Size: 1M
[2025-10-04T19:50:47.209+0100][gc,init] Heap Min Capacity: 1G
[2025-10-04T19:50:47.209+0100][gc,init] Heap Initial Capacity: 1G
[2025-10-04T19:50:47.209+0100][gc,init] Heap Max Capacity: 1G
[2025-10-04T19:50:47.209+0100][gc,init] Pre-touch: Disabled
[2025-10-04T19:50:47.209+0100][gc,init] Parallel Workers: 13
[2025-10-04T19:50:47.209+0100][gc,init] Concurrent Workers: 3
[2025-10-04T19:50:47.209+0100][gc,init] Concurrent Refinement Workers: 13
[2025-10-04T19:50:47.209+0100][gc,init] Periodic GC: Disabled
[2025-10-04T19:50:47.213+0100][gc,metaspace] CDS archive(s) mapped at: [0x00007593e3000000-0x00007593e3bca000-0x00007593e3bca000), size 12361728, SharedBaseAddress: 0x00007593e3000000, ArchiveRelocationMode: 1.
[2025-10-04T19:50:47.213+0100][gc,metaspace] Compressed class space mapped at: 0x00007593e4000000-0x0000759424000000, reserved size: 1073741824
[2025-10-04T19:50:47.213+0100][gc,metaspace] Narrow klass base: 0x00007593e3000000, Narrow klass shift: 0, Narrow klass range: 0x100000000
[2025-10-04T19:50:47.906+0100][gc,start    ] GC(0) Pause Young (Normal) (G1 Evacuation Pause)
[2025-10-04T19:50:47.908+0100][gc,task     ] GC(0) Using 13 workers of 13 for evacuation
[2025-10-04T19:50:47.913+0100][gc,phases   ] GC(0)   Pre Evacuate Collection Set: 0.2ms
[2025-10-04T19:50:47.913+0100][gc,phases   ] GC(0)   Merge Heap Roots: 0.4ms
[2025-10-04T19:50:47.913+0100][gc,phases   ] GC(0)   Evacuate Collection Set: 3.0ms
[2025-10-04T19:50:47.913+0100][gc,phases   ] GC(0)   Post Evacuate Collection Set: 0.8ms
[2025-10-04T19:50:47.913+0100][gc,phases   ] GC(0)   Other: 2.5ms
[2025-10-04T19:50:47.913+0100][gc,heap     ] GC(0) Eden regions: 51->0(44)
[2025-10-04T19:50:47.913+0100][gc,heap     ] GC(0) Survivor regions: 0->7(7)
[2025-10-04T19:50:47.913+0100][gc,heap     ] GC(0) Old regions: 0->2
[2025-10-04T19:50:47.913+0100][gc,heap     ] GC(0) Archive regions: 2->2
[2025-10-04T19:50:47.913+0100][gc,heap     ] GC(0) Humongous regions: 0->0
[2025-10-04T19:50:47.913+0100][gc,metaspace] GC(0) Metaspace: 18182K(18432K)->18182K(18432K) NonClass: 16184K(16320K)->16184K(16320K) Class: 1998K(2112K)->1998K(2112K)
[2025-10-04T19:50:47.913+0100][gc          ] GC(0) Pause Young (Normal) (G1 Evacuation Pause) 51M->9M(1024M) 6.898ms
[2025-10-04T19:50:47.913+0100][gc,cpu      ] GC(0) User=0.02s Sys=0.01s Real=0.00s
[2025-10-04T19:50:48.013+0100][gc,start    ] GC(1) Pause Young (Concurrent Start) (Metadata GC Threshold)
[2025-10-04T19:50:48.013+0100][gc,task     ] GC(1) Using 13 workers of 13 for evacuation
[2025-10-04T19:50:48.017+0100][gc,phases   ] GC(1)   Pre Evacuate Collection Set: 0.3ms
[2025-10-04T19:50:48.017+0100][gc,phases   ] GC(1)   Merge Heap Roots: 0.3ms
[2025-10-04T19:50:48.017+0100][gc,phases   ] GC(1)   Evacuate Collection Set: 2.6ms
[2025-10-04T19:50:48.017+0100][gc,phases   ] GC(1)   Post Evacuate Collection Set: 0.7ms
[2025-10-04T19:50:48.017+0100][gc,phases   ] GC(1)   Other: 0.3ms
[2025-10-04T19:50:48.017+0100][gc,heap     ] GC(1) Eden regions: 11->0(49)
[2025-10-04T19:50:48.017+0100][gc,heap     ] GC(1) Survivor regions: 7->2(7)
[2025-10-04T19:50:48.017+0100][gc,heap     ] GC(1) Old regions: 2->9
[2025-10-04T19:50:48.017+0100][gc,heap     ] GC(1) Archive regions: 2->2
[2025-10-04T19:50:48.017+0100][gc,heap     ] GC(1) Humongous regions: 0->0
[2025-10-04T19:50:48.017+0100][gc,metaspace] GC(1) Metaspace: 21348K(21504K)->21348K(21504K) NonClass: 18977K(19072K)->18977K(19072K) Class: 2371K(2432K)->2371K(2432K)
[2025-10-04T19:50:48.017+0100][gc          ] GC(1) Pause Young (Concurrent Start) (Metadata GC Threshold) 20M->10M(1024M) 4.136ms
[2025-10-04T19:50:48.017+0100][gc,cpu      ] GC(1) User=0.01s Sys=0.01s Real=0.00s
[2025-10-04T19:50:48.017+0100][gc          ] GC(2) Concurrent Mark Cycle
[2025-10-04T19:50:48.017+0100][gc,marking  ] GC(2) Concurrent Clear Claimed Marks
[2025-10-04T19:50:48.017+0100][gc,marking  ] GC(2) Concurrent Clear Claimed Marks 0.009ms
[2025-10-04T19:50:48.017+0100][gc,marking  ] GC(2) Concurrent Scan Root Regions
[2025-10-04T19:50:48.018+0100][gc,marking  ] GC(2) Concurrent Scan Root Regions 1.236ms
[2025-10-04T19:50:48.018+0100][gc,marking  ] GC(2) Concurrent Mark
[2025-10-04T19:50:48.018+0100][gc,marking  ] GC(2) Concurrent Mark From Roots
[2025-10-04T19:50:48.018+0100][gc,task     ] GC(2) Using 3 workers of 3 for marking
[2025-10-04T19:50:48.019+0100][gc,marking  ] GC(2) Concurrent Mark From Roots 1.173ms
[2025-10-04T19:50:48.020+0100][gc,marking  ] GC(2) Concurrent Preclean
[2025-10-04T19:50:48.020+0100][gc,marking  ] GC(2) Concurrent Preclean 0.057ms
[2025-10-04T19:50:48.020+0100][gc,start    ] GC(2) Pause Remark
[2025-10-04T19:50:48.022+0100][gc          ] GC(2) Pause Remark 10M->10M(1024M) 2.055ms
[2025-10-04T19:50:48.022+0100][gc,cpu      ] GC(2) User=0.01s Sys=0.00s Real=0.00s
[2025-10-04T19:50:48.022+0100][gc,marking  ] GC(2) Concurrent Mark 3.616ms
[2025-10-04T19:50:48.022+0100][gc,marking  ] GC(2) Concurrent Rebuild Remembered Sets
[2025-10-04T19:50:48.023+0100][gc,marking  ] GC(2) Concurrent Rebuild Remembered Sets 1.132ms
[2025-10-04T19:50:48.023+0100][gc,start    ] GC(2) Pause Cleanup
[2025-10-04T19:50:48.023+0100][gc          ] GC(2) Pause Cleanup 10M->10M(1024M) 0.210ms
[2025-10-04T19:50:48.023+0100][gc,cpu      ] GC(2) User=0.00s Sys=0.00s Real=0.00s
[2025-10-04T19:50:48.024+0100][gc,marking  ] GC(2) Concurrent Cleanup for Next Mark
[2025-10-04T19:50:48.028+0100][gc,marking  ] GC(2) Concurrent Cleanup for Next Mark 4.078ms
[2025-10-04T19:50:48.028+0100][gc          ] GC(2) Concurrent Mark Cycle 10.627ms
[2025-10-04T19:50:48.441+0100][gc,start    ] GC(3) Pause Young (Normal) (G1 Evacuation Pause)
[2025-10-04T19:50:48.441+0100][gc,task     ] GC(3) Using 13 workers of 13 for evacuation
[2025-10-04T19:50:48.444+0100][gc,phases   ] GC(3)   Pre Evacuate Collection Set: 0.2ms
[2025-10-04T19:50:48.444+0100][gc,phases   ] GC(3)   Merge Heap Roots: 0.2ms
[2025-10-04T19:50:48.444+0100][gc,phases   ] GC(3)   Evacuate Collection Set: 1.7ms
[2025-10-04T19:50:48.444+0100][gc,phases   ] GC(3)   Post Evacuate Collection Set: 0.7ms
[2025-10-04T19:50:48.444+0100][gc,phases   ] GC(3)   Other: 0.1ms
[2025-10-04T19:50:48.444+0100][gc,heap     ] GC(3) Eden regions: 49->0(47)
[2025-10-04T19:50:48.444+0100][gc,heap     ] GC(3) Survivor regions: 2->4(7)
[2025-10-04T19:50:48.444+0100][gc,heap     ] GC(3) Old regions: 9->9
[2025-10-04T19:50:48.444+0100][gc,heap     ] GC(3) Archive regions: 2->2
[2025-10-04T19:50:48.444+0100][gc,heap     ] GC(3) Humongous regions: 9->9
[2025-10-04T19:50:48.444+0100][gc,metaspace] GC(3) Metaspace: 32271K(32512K)->32271K(32512K) NonClass: 28624K(28736K)->28624K(28736K) Class: 3647K(3776K)->3647K(3776K)
[2025-10-04T19:50:48.444+0100][gc          ] GC(3) Pause Young (Normal) (G1 Evacuation Pause) 68M->21M(1024M) 2.939ms
[2025-10-04T19:50:48.444+0100][gc,cpu      ] GC(3) User=0.02s Sys=0.00s Real=0.00s
[2025-10-04T19:50:48.665+0100][gc,start    ] GC(4) Pause Young (Concurrent Start) (Metadata GC Threshold)
[2025-10-04T19:50:48.665+0100][gc,task     ] GC(4) Using 13 workers of 13 for evacuation
[2025-10-04T19:50:48.669+0100][gc,phases   ] GC(4)   Pre Evacuate Collection Set: 0.3ms
[2025-10-04T19:50:48.669+0100][gc,phases   ] GC(4)   Merge Heap Roots: 0.3ms
[2025-10-04T19:50:48.669+0100][gc,phases   ] GC(4)   Evacuate Collection Set: 2.2ms
[2025-10-04T19:50:48.669+0100][gc,phases   ] GC(4)   Post Evacuate Collection Set: 0.7ms
[2025-10-04T19:50:48.669+0100][gc,phases   ] GC(4)   Other: 0.2ms
[2025-10-04T19:50:48.669+0100][gc,heap     ] GC(4) Eden regions: 24->0(44)
[2025-10-04T19:50:48.669+0100][gc,heap     ] GC(4) Survivor regions: 4->7(7)
[2025-10-04T19:50:48.669+0100][gc,heap     ] GC(4) Old regions: 9->9
[2025-10-04T19:50:48.669+0100][gc,heap     ] GC(4) Archive regions: 2->2
[2025-10-04T19:50:48.669+0100][gc,heap     ] GC(4) Humongous regions: 138->138
[2025-10-04T19:50:48.669+0100][gc,metaspace] GC(4) Metaspace: 35685K(35968K)->35685K(35968K) NonClass: 31758K(31872K)->31758K(31872K) Class: 3927K(4096K)->3927K(4096K)
[2025-10-04T19:50:48.669+0100][gc          ] GC(4) Pause Young (Concurrent Start) (Metadata GC Threshold) 173M->153M(1024M) 3.719ms
[2025-10-04T19:50:48.669+0100][gc,cpu      ] GC(4) User=0.01s Sys=0.01s Real=0.00s
[2025-10-04T19:50:48.669+0100][gc          ] GC(5) Concurrent Mark Cycle
[2025-10-04T19:50:48.669+0100][gc,marking  ] GC(5) Concurrent Clear Claimed Marks
[2025-10-04T19:50:48.669+0100][gc,marking  ] GC(5) Concurrent Clear Claimed Marks 0.013ms
[2025-10-04T19:50:48.669+0100][gc,marking  ] GC(5) Concurrent Scan Root Regions
[2025-10-04T19:50:48.670+0100][gc,marking  ] GC(5) Concurrent Scan Root Regions 1.484ms
[2025-10-04T19:50:48.670+0100][gc,marking  ] GC(5) Concurrent Mark
[2025-10-04T19:50:48.670+0100][gc,marking  ] GC(5) Concurrent Mark From Roots
[2025-10-04T19:50:48.670+0100][gc,task     ] GC(5) Using 3 workers of 3 for marking
[2025-10-04T19:50:48.674+0100][gc,marking  ] GC(5) Concurrent Mark From Roots 3.984ms
[2025-10-04T19:50:48.674+0100][gc,marking  ] GC(5) Concurrent Preclean
[2025-10-04T19:50:48.675+0100][gc,marking  ] GC(5) Concurrent Preclean 0.085ms
[2025-10-04T19:50:48.675+0100][gc,start    ] GC(5) Pause Remark
[2025-10-04T19:50:48.677+0100][gc          ] GC(5) Pause Remark 155M->155M(1024M) 1.885ms
[2025-10-04T19:50:48.677+0100][gc,cpu      ] GC(5) User=0.00s Sys=0.01s Real=0.00s
[2025-10-04T19:50:48.677+0100][gc,marking  ] GC(5) Concurrent Mark 6.470ms
[2025-10-04T19:50:48.677+0100][gc,marking  ] GC(5) Concurrent Rebuild Remembered Sets
[2025-10-04T19:50:48.678+0100][gc,marking  ] GC(5) Concurrent Rebuild Remembered Sets 1.540ms
[2025-10-04T19:50:48.679+0100][gc,start    ] GC(5) Pause Cleanup
[2025-10-04T19:50:48.679+0100][gc          ] GC(5) Pause Cleanup 155M->155M(1024M) 0.234ms
[2025-10-04T19:50:48.679+0100][gc,cpu      ] GC(5) User=0.01s Sys=0.00s Real=0.00s
[2025-10-04T19:50:48.679+0100][gc,marking  ] GC(5) Concurrent Cleanup for Next Mark
[2025-10-04T19:50:48.685+0100][gc,marking  ] GC(5) Concurrent Cleanup for Next Mark 6.199ms
[2025-10-04T19:50:48.685+0100][gc          ] GC(5) Concurrent Mark Cycle 16.349ms
[2025-10-04T19:53:29.402+0100][gc,heap,exit] Heap
[2025-10-04T19:53:29.403+0100][gc,heap,exit]  garbage-first heap   total 1048576K, used 188967K [0x00000000c0000000, 0x0000000100000000)
[2025-10-04T19:53:29.403+0100][gc,heap,exit]   region size 1024K, 38 young (38912K), 7 survivors (7168K)
[2025-10-04T19:53:29.403+0100][gc,heap,exit]  Metaspace       used 38790K, committed 39168K, reserved 1114112K
[2025-10-04T19:53:29.403+0100][gc,heap,exit]   class space    used 4338K, committed 4480K, reserved 1048576K
